127.0.0.1 - - [15/Sep/2016:14:27:04 -0500] "GET / HTTP/1.1" 200 279
0:0:0:0:0:0:0:1 - - [15/Sep/2016:14:27:33 -0500] "GET /messenger/webapi/messages/ HTTP/1.1" 415 1092
0:0:0:0:0:0:0:1 - - [15/Sep/2016:14:28:00 -0500] "GET /messenger/webapi/messages/ HTTP/1.1" 200 106
127.0.0.1 - - [15/Sep/2016:14:36:04 -0500] "GET / HTTP/1.1" 200 279
0:0:0:0:0:0:0:1 - - [15/Sep/2016:14:36:44 -0500] "GET /messenger/webapi/messages?year=2015 HTTP/1.1" 500 4118
127.0.0.1 - - [15/Sep/2016:14:48:01 -0500] "GET / HTTP/1.1" 200 279
0:0:0:0:0:0:0:1 - - [15/Sep/2016:14:48:59 -0500] "GET /messenger/webapi/messages?year=2015 HTTP/1.1" 200 2
0:0:0:0:0:0:0:1 - - [15/Sep/2016:14:49:10 -0500] "GET /messenger/webapi/messages?year=2016 HTTP/1.1" 200 178
0:0:0:0:0:0:0:1 - - [15/Sep/2016:14:53:00 -0500] "GET /messenger/webapi/messages?start=2&size=1 HTTP/1.1" 200 178
127.0.0.1 - - [15/Sep/2016:15:02:25 -0500] "GET / HTTP/1.1" 200 279
0:0:0:0:0:0:0:1 - - [15/Sep/2016:15:03:32 -0500] "GET /messenger/webapi/messages?start=2&size=1 HTTP/1.1" 200 2
0:0:0:0:0:0:0:1 - - [15/Sep/2016:15:03:41 -0500] "GET /messenger/webapi/messages?start=1&size=1 HTTP/1.1" 200 90
0:0:0:0:0:0:0:1 - - [15/Sep/2016:15:04:26 -0500] "GET /messenger/webapi/messages?start=1&size=1 HTTP/1.1" 200 90
0:0:0:0:0:0:0:1 - - [15/Sep/2016:15:04:40 -0500] "GET /messenger/webapi/messages?start=0&size=1 HTTP/1.1" 200 89
0:0:0:0:0:0:0:1 - - [15/Sep/2016:15:04:47 -0500] "GET /messenger/webapi/messages?start=0&size=2 HTTP/1.1" 200 178
0:0:0:0:0:0:0:1 - - [15/Sep/2016:15:21:54 -0500] "GET /messenger/webapi/injectdemo/annotations HTTP/1.1" 404 967
0:0:0:0:0:0:0:1 - - [15/Sep/2016:15:23:09 -0500] "GET /messenger/webapi/injectdemo/annotations HTTP/1.1" 404 967
0:0:0:0:0:0:0:1 - - [15/Sep/2016:15:23:46 -0500] "GET /messenger/webapi/injectdemo/annotations HTTP/1.1" 404 967
0:0:0:0:0:0:0:1 - - [15/Sep/2016:15:25:56 -0500] "GET /messenger/webapi/messages/ HTTP/1.1" 200 2
0:0:0:0:0:0:0:1 - - [15/Sep/2016:15:26:10 -0500] "GET /messenger/webapi/messages/ HTTP/1.1" 200 2
0:0:0:0:0:0:0:1 - - [15/Sep/2016:15:26:26 -0500] "GET /messenger/webapi/injectdemo/annotations HTTP/1.1" 404 967
0:0:0:0:0:0:0:1 - - [15/Sep/2016:15:27:06 -0500] "GET /messenger/webapi/injectdemo/annotations HTTP/1.1" 404 967
127.0.0.1 - - [15/Sep/2016:15:29:08 -0500] "GET / HTTP/1.1" 200 279
0:0:0:0:0:0:0:1 - - [15/Sep/2016:15:29:17 -0500] "GET /messenger/webapi/injectdemo/annotations HTTP/1.1" 200 4
0:0:0:0:0:0:0:1 - - [15/Sep/2016:15:33:08 -0500] "GET /messenger/webapi/injectdemo/annotations:param=my%20value HTTP/1.1" 404 967
127.0.0.1 - - [15/Sep/2016:15:33:32 -0500] "GET / HTTP/1.1" 200 279
0:0:0:0:0:0:0:1 - - [15/Sep/2016:15:33:43 -0500] "GET /messenger/webapi/injectdemo/annotations:param=my%20value HTTP/1.1" 404 967
0:0:0:0:0:0:0:1 - - [15/Sep/2016:15:34:44 -0500] "GET /messenger/webapi/injectdemo/annotations;param=my%20value HTTP/1.1" 200 23
127.0.0.1 - - [15/Sep/2016:15:41:09 -0500] "GET / HTTP/1.1" 200 279
0:0:0:0:0:0:0:1 - - [15/Sep/2016:15:41:42 -0500] "GET /messenger/webapi/injectdemo/annotations;param=my%20value HTTP/1.1" 200 58
0:0:0:0:0:0:0:1 - - [15/Sep/2016:15:52:52 -0500] "GET /messenger/webapi/injectdemo/annotations;param=my%20value HTTP/1.1" 200 66
0:0:0:0:0:0:0:1 - - [15/Sep/2016:15:57:17 -0500] "GET /messenger/webapi/injectdemo/annotations;param=my%20value HTTP/1.1" 200 66
0:0:0:0:0:0:0:1 - - [15/Sep/2016:15:58:14 -0500] "GET /messenger/webapi/injectdemo/annotations;param=my%20value HTTP/1.1" 200 66
0:0:0:0:0:0:0:1 - - [15/Sep/2016:15:58:58 -0500] "GET /messenger/webapi/injectdemo/annotations;param=my%20value HTTP/1.1" 200 66
0:0:0:0:0:0:0:1 - - [15/Sep/2016:15:59:32 -0500] "GET /messenger/webapi/injectdemo/annotations;param=my%20value HTTP/1.1" 200 82
0:0:0:0:0:0:0:1 - - [15/Sep/2016:16:04:12 -0500] "GET /messenger/webapi/injectdemo/annotations;param=my%20value HTTP/1.1" 200 77
0:0:0:0:0:0:0:1 - - [15/Sep/2016:16:46:13 -0500] "GET /messenger/webapi/injectdemo/context HTTP/1.1" 200 64
0:0:0:0:0:0:0:1 - - [15/Sep/2016:16:51:50 -0500] "GET /messenger/webapi/injectdemo/context HTTP/1.1" 200 64
127.0.0.1 - - [15/Sep/2016:16:52:35 -0500] "GET / HTTP/1.1" 200 279
0:0:0:0:0:0:0:1 - - [15/Sep/2016:16:52:40 -0500] "GET /messenger/webapi/injectdemo/context HTTP/1.1" 200 141
0:0:0:0:0:0:0:1 - - [15/Sep/2016:18:06:32 -0500] "GET /messenger/webapi/messages/1/comments HTTP/1.1" 404 967
127.0.0.1 - - [15/Sep/2016:18:06:55 -0500] "GET / HTTP/1.1" 200 279
0:0:0:0:0:0:0:1 - - [15/Sep/2016:18:07:23 -0500] "GET /messenger/webapi/messages/1/comments HTTP/1.1" 404 967
0:0:0:0:0:0:0:1 - - [15/Sep/2016:18:08:15 -0500] "GET /messenger/webapi/messages/1/comments HTTP/1.1" 404 967
0:0:0:0:0:0:0:1 - - [15/Sep/2016:18:08:20 -0500] "GET /messenger/webapi/messages/1/comments HTTP/1.1" 404 967
0:0:0:0:0:0:0:1 - - [15/Sep/2016:18:08:21 -0500] "GET /messenger/webapi/messages/1/comments HTTP/1.1" 404 967
0:0:0:0:0:0:0:1 - - [15/Sep/2016:18:08:32 -0500] "GET /messenger/webapi/messages/1 HTTP/1.1" 404 967
0:0:0:0:0:0:0:1 - - [15/Sep/2016:18:08:51 -0500] "GET /messenger/webapi/messages HTTP/1.1" 404 967
127.0.0.1 - - [15/Sep/2016:18:09:23 -0500] "GET / HTTP/1.1" 200 279
0:0:0:0:0:0:0:1 - - [15/Sep/2016:18:09:34 -0500] "GET /messenger/webapi/messages HTTP/1.1" 404 967
0:0:0:0:0:0:0:1 - - [15/Sep/2016:18:09:41 -0500] "GET /messenger/webapi HTTP/1.1" 404 967
0:0:0:0:0:0:0:1 - - [15/Sep/2016:18:10:20 -0500] "GET /messenger/webapi/messages HTTP/1.1" 404 967
0:0:0:0:0:0:0:1 - - [15/Sep/2016:18:10:45 -0500] "GET /messenger/webapi/profiles HTTP/1.1" 200 78
0:0:0:0:0:0:0:1 - - [15/Sep/2016:18:11:07 -0500] "GET /messenger/webapi/messages HTTP/1.1" 404 967
127.0.0.1 - - [15/Sep/2016:18:12:01 -0500] "GET / HTTP/1.1" 200 279
0:0:0:0:0:0:0:1 - - [15/Sep/2016:18:15:00 -0500] "GET /messenger/webapi/messages HTTP/1.1" 200 2
0:0:0:0:0:0:0:1 - - [15/Sep/2016:18:15:11 -0500] "GET /messenger/webapi/messages HTTP/1.1" 200 2
0:0:0:0:0:0:0:1 - - [15/Sep/2016:18:15:26 -0500] "GET /messenger/webapi/messages/1 HTTP/1.1" 200 87
0:0:0:0:0:0:0:1 - - [15/Sep/2016:18:17:13 -0500] "GET /messenger/webapi/messages/1/comments HTTP/1.1" 200 18
0:0:0:0:0:0:0:1 - - [15/Sep/2016:18:20:11 -0500] "GET /messenger/webapi/messages/2/comments HTTP/1.1" 200 18
0:0:0:0:0:0:0:1 - - [15/Sep/2016:18:20:20 -0500] "GET /messenger/webapi/messages/5/comments HTTP/1.1" 200 18
0:0:0:0:0:0:0:1 - - [15/Sep/2016:18:29:22 -0500] "GET /messenger/webapi/messages/5/comments HTTP/1.1" 200 17
127.0.0.1 - - [15/Sep/2016:18:35:58 -0500] "GET / HTTP/1.1" 200 279
0:0:0:0:0:0:0:1 - - [15/Sep/2016:18:35:59 -0500] "GET /messenger/WEB-INF/classes/org/koushik/javabrains/messenger/resources/CommentResource.java HTTP/1.1" 404 949
0:0:0:0:0:0:0:1 - - [15/Sep/2016:18:36:12 -0500] "GET /messenger/webapi/messages/5/comments/12 HTTP/1.1" 200 27
127.0.0.1 - - [15/Sep/2016:18:41:58 -0500] "GET / HTTP/1.1" 200 279
0:0:0:0:0:0:0:1 - - [15/Sep/2016:18:43:03 -0500] "GET /messenger/webapi/messages/5/comments/12 HTTP/1.1" 200 41
0:0:0:0:0:0:0:1 - - [15/Sep/2016:18:48:10 -0500] "GET /messenger/webapi/messages/5/comments/12 HTTP/1.1" 200 48
0:0:0:0:0:0:0:1 - - [15/Sep/2016:19:07:56 -0500] "GET /messenger/webapi/messages HTTP/1.1" 200 2
0:0:0:0:0:0:0:1 - - [15/Sep/2016:19:08:27 -0500] "GET /messenger/webapi/messages/2 HTTP/1.1" 200 88
0:0:0:0:0:0:0:1 - - [15/Sep/2016:19:08:37 -0500] "GET /messenger/webapi/messages/1 HTTP/1.1" 200 87
0:0:0:0:0:0:0:1 - - [15/Sep/2016:19:09:20 -0500] "POST /messenger/webapi/messages/1 HTTP/1.1" 405 1013
0:0:0:0:0:0:0:1 - - [15/Sep/2016:19:09:40 -0500] "POST /messenger/webapi/messages/1 HTTP/1.1" 405 1013
0:0:0:0:0:0:0:1 - - [15/Sep/2016:19:10:01 -0500] "POST /messenger/webapi/messages HTTP/1.1" 200 52
0:0:0:0:0:0:0:1 - - [15/Sep/2016:19:10:42 -0500] "POST /messenger/webapi/messages HTTP/1.1" 200 60
127.0.0.1 - - [15/Sep/2016:19:16:26 -0500] "GET / HTTP/1.1" 200 279
127.0.0.1 - - [15/Sep/2016:19:23:11 -0500] "GET / HTTP/1.1" 200 279
0:0:0:0:0:0:0:1 - - [15/Sep/2016:19:23:33 -0500] "GET /messenger/webapi/messages HTTP/1.1" 200 178
0:0:0:0:0:0:0:1 - - [15/Sep/2016:19:23:45 -0500] "POST /messenger/webapi/messages HTTP/1.1" 200 60
0:0:0:0:0:0:0:1 - - [15/Sep/2016:19:23:48 -0500] "GET /messenger/webapi/messages HTTP/1.1" 200 239
0:0:0:0:0:0:0:1 - - [15/Sep/2016:19:33:59 -0500] "GET /messenger/webapi/messages HTTP/1.1" 200 178
0:0:0:0:0:0:0:1 - - [15/Sep/2016:19:34:10 -0500] "POST /messenger/webapi/messages HTTP/1.1" 201 60
0:0:0:0:0:0:0:1 - - [15/Sep/2016:19:34:13 -0500] "GET /messenger/webapi/messages HTTP/1.1" 200 239
0:0:0:0:0:0:0:1 - - [15/Sep/2016:19:34:26 -0500] "POST /messenger/webapi/messages HTTP/1.1" 201 60
127.0.0.1 - - [15/Sep/2016:19:43:38 -0500] "GET / HTTP/1.1" 200 279
0:0:0:0:0:0:0:1 - - [15/Sep/2016:19:43:48 -0500] "POST /messenger/webapi/messages HTTP/1.1" 201 60
0:0:0:0:0:0:0:1 - - [15/Sep/2016:19:46:46 -0500] "POST /messenger/webapi/messages HTTP/1.1" 201 60
0:0:0:0:0:0:0:1 - - [15/Sep/2016:22:24:28 -0500] "POST /messenger/webapi/messages HTTP/1.1" 201 60
0:0:0:0:0:0:0:1 - - [15/Sep/2016:22:24:33 -0500] "GET /messenger/webapi/messages HTTP/1.1" 200 239
0:0:0:0:0:0:0:1 - - [15/Sep/2016:22:25:55 -0500] "POST /messenger/webapi/messages HTTP/1.1" 201 60
0:0:0:0:0:0:0:1 - - [15/Sep/2016:22:26:00 -0500] "GET /messenger/webapi/messages HTTP/1.1" 200 300
0:0:0:0:0:0:0:1 - - [15/Sep/2016:22:26:17 -0500] "POST /messenger/webapi/messages HTTP/1.1" 201 60
0:0:0:0:0:0:0:1 - - [15/Sep/2016:22:28:03 -0500] "POST /messenger/webapi/messages HTTP/1.1" 201 60
0:0:0:0:0:0:0:1 - - [15/Sep/2016:22:28:25 -0500] "GET /messenger/webapi/messages HTTP/1.1" 200 239
0:0:0:0:0:0:0:1 - - [15/Sep/2016:22:29:07 -0500] "POST /messenger/webapi/messages HTTP/1.1" 201 60
0:0:0:0:0:0:0:1 - - [15/Sep/2016:22:29:18 -0500] "GET /messenger/webapi/messages HTTP/1.1" 200 300
0:0:0:0:0:0:0:1 - - [15/Sep/2016:22:29:34 -0500] "POST /messenger/webapi/messages HTTP/1.1" 201 60
0:0:0:0:0:0:0:1 - - [15/Sep/2016:22:29:53 -0500] "POST /messenger/webapi/messages HTTP/1.1" 201 60
0:0:0:0:0:0:0:1 - - [15/Sep/2016:22:30:12 -0500] "POST /messenger/webapi/messages HTTP/1.1" 201 60
0:0:0:0:0:0:0:1 - - [15/Sep/2016:22:44:23 -0500] "GET /messenger/webapi/messages HTTP/1.1" 200 178
0:0:0:0:0:0:0:1 - - [15/Sep/2016:22:44:32 -0500] "POST /messenger/webapi/messages HTTP/1.1" 201 60
0:0:0:0:0:0:0:1 - - [15/Sep/2016:22:44:35 -0500] "POST /messenger/webapi/messages HTTP/1.1" 201 60
0:0:0:0:0:0:0:1 - - [15/Sep/2016:22:44:36 -0500] "POST /messenger/webapi/messages HTTP/1.1" 201 60
0:0:0:0:0:0:0:1 - - [15/Sep/2016:22:44:37 -0500] "POST /messenger/webapi/messages HTTP/1.1" 201 60
0:0:0:0:0:0:0:1 - - [15/Sep/2016:22:44:38 -0500] "POST /messenger/webapi/messages HTTP/1.1" 201 60
0:0:0:0:0:0:0:1 - - [15/Sep/2016:22:44:39 -0500] "POST /messenger/webapi/messages HTTP/1.1" 201 60
0:0:0:0:0:0:0:1 - - [15/Sep/2016:22:44:39 -0500] "POST /messenger/webapi/messages HTTP/1.1" 201 60
0:0:0:0:0:0:0:1 - - [15/Sep/2016:22:44:39 -0500] "POST /messenger/webapi/messages HTTP/1.1" 201 61
0:0:0:0:0:0:0:1 - - [15/Sep/2016:22:44:40 -0500] "POST /messenger/webapi/messages HTTP/1.1" 201 61
0:0:0:0:0:0:0:1 - - [15/Sep/2016:22:44:40 -0500] "POST /messenger/webapi/messages HTTP/1.1" 201 61
0:0:0:0:0:0:0:1 - - [15/Sep/2016:22:44:40 -0500] "POST /messenger/webapi/messages HTTP/1.1" 201 61
0:0:0:0:0:0:0:1 - - [15/Sep/2016:22:44:40 -0500] "POST /messenger/webapi/messages HTTP/1.1" 201 61
0:0:0:0:0:0:0:1 - - [15/Sep/2016:22:44:41 -0500] "POST /messenger/webapi/messages HTTP/1.1" 201 61
0:0:0:0:0:0:0:1 - - [15/Sep/2016:22:44:41 -0500] "POST /messenger/webapi/messages HTTP/1.1" 201 61
0:0:0:0:0:0:0:1 - - [15/Sep/2016:22:44:41 -0500] "POST /messenger/webapi/messages HTTP/1.1" 201 61
0:0:0:0:0:0:0:1 - - [15/Sep/2016:22:44:41 -0500] "POST /messenger/webapi/messages HTTP/1.1" 201 61
0:0:0:0:0:0:0:1 - - [15/Sep/2016:22:44:41 -0500] "POST /messenger/webapi/messages HTTP/1.1" 201 61
0:0:0:0:0:0:0:1 - - [15/Sep/2016:22:44:42 -0500] "POST /messenger/webapi/messages HTTP/1.1" 201 61
0:0:0:0:0:0:0:1 - - [15/Sep/2016:22:44:42 -0500] "POST /messenger/webapi/messages HTTP/1.1" 201 61
0:0:0:0:0:0:0:1 - - [15/Sep/2016:22:44:42 -0500] "POST /messenger/webapi/messages HTTP/1.1" 201 61
0:0:0:0:0:0:0:1 - - [15/Sep/2016:22:56:18 -0500] "GET /messenger/webapi/messages/1000 HTTP/1.1" 204 -
0:0:0:0:0:0:0:1 - - [15/Sep/2016:23:07:40 -0500] "GET /messenger/webapi/messages HTTP/1.1" 200 178
0:0:0:0:0:0:0:1 - - [15/Sep/2016:23:07:52 -0500] "GET /messenger/webapi/messages/2000 HTTP/1.1" 500 4378
127.0.0.1 - - [15/Sep/2016:23:28:17 -0500] "GET / HTTP/1.1" 200 279
0:0:0:0:0:0:0:1 - - [15/Sep/2016:23:29:06 -0500] "GET /messenger/webapi/messages/2000 HTTP/1.1" 500 4378
0:0:0:0:0:0:0:1 - - [15/Sep/2016:23:29:18 -0500] "GET /messenger/webapi/messages HTTP/1.1" 200 178
0:0:0:0:0:0:0:1 - - [15/Sep/2016:23:29:38 -0500] "GET /messenger/webapi/messages/2000 HTTP/1.1" 500 4378
127.0.0.1 - - [15/Sep/2016:23:32:00 -0500] "GET / HTTP/1.1" 200 279
0:0:0:0:0:0:0:1 - - [15/Sep/2016:23:32:15 -0500] "GET /messenger/webapi/messages/2000 HTTP/1.1" 500 4378
0:0:0:0:0:0:0:1 - - [15/Sep/2016:23:33:40 -0500] "GET /messenger/webapi/messages/2000 HTTP/1.1" 500 4378
127.0.0.1 - - [15/Sep/2016:23:33:59 -0500] "GET / HTTP/1.1" 200 279
0:0:0:0:0:0:0:1 - - [15/Sep/2016:23:34:05 -0500] "GET /messenger/webapi/messages/2000 HTTP/1.1" 404 967
0:0:0:0:0:0:0:1 - - [15/Sep/2016:23:43:18 -0500] "GET /messenger/webapi/messages/2000 HTTP/1.1" 404 118
0:0:0:0:0:0:0:1 - - [15/Sep/2016:23:43:41 -0500] "GET /messenger/webapi/messages/420 HTTP/1.1" 404 117
127.0.0.1 - - [15/Sep/2016:23:58:34 -0500] "GET / HTTP/1.1" 200 279
0:0:0:0:0:0:0:1 - - [15/Sep/2016:23:58:49 -0500] "GET /messenger/webapi/messages/420 HTTP/1.1" 404 117
0:0:0:0:0:0:0:1 - - [15/Sep/2016:23:58:57 -0500] "GET /messenger/webapi/messag HTTP/1.1" 500 217
